surface: skills
agent: kilocode
scenario: update_owned_skill_content

install_result:
Ok(
    InstallReport {
        created: [],
        patched: [
            "[ROOT]/.kilo/skills/golden-skill/SKILL.md",
        ],
        backed_up: [],
        already_installed: false,
    },
)
status:
Ok(
    StatusReport {
        target: Skill {
            name: "golden-skill",
        },
        status: InstalledOwned {
            owner: "golden-owner",
        },
        config_path: Some(
            "[ROOT]/.kilo/skills/golden-skill",
        ),
        ledger_path: Some(
            "[ROOT]/.kilo/skills/.ai-hooker-skills.json",
        ),
        files: [
            Exists {
                path: "[ROOT]/.kilo/skills/golden-skill",
            },
            Exists {
                path: "[ROOT]/.kilo/skills/golden-skill/SKILL.md",
            },
        ],
        warnings: [],
    },
)
validation:
Ok(
    ValidationReport {
        target: Skill {
            integration_id: "kilocode",
            scope: Local(
                "[ROOT]",
            ),
            name: "golden-skill",
            owner: "golden-owner",
        },
        ok: true,
        issues: [],
        suggested_actions: [
            NoAction,
        ],
    },
)

ROOT tree:
directories:
- .kilo
- .kilo/skills
- .kilo/skills/golden-skill
files:
- .kilo/skills/.ai-hooker-skills.json
  content:
```text
{
  "entries": {
    "golden-skill": {
      "content_hash": "7ae685c07a262ac458d8e2f9a434e76340fc8dd48bcbf271533bdbf8cf48e43c",
      "owner": "golden-owner"
    }
  },
  "version": 2
}
```
- .kilo/skills/golden-skill/SKILL.md
  content:
```text
---
name: golden-skill
description: Use during golden snapshot tests after an update.
---

## Goal
Updated content must patch in place.
```

HOME tree:
<empty>
