surface: hooks
agent: openclaw
scenario: empty_rules_install

install_result:
Ok(
    InstallReport {
        created: [
            "[ROOT]/AGENTS.md",
        ],
        patched: [],
        backed_up: [],
        already_installed: false,
    },
)
status:
Ok(
    StatusReport {
        target: Hook {
            tag: "golden-hook",
        },
        status: InstalledOwned {
            owner: "golden-hook",
        },
        config_path: Some(
            "[ROOT]/AGENTS.md",
        ),
        ledger_path: None,
        files: [
            Exists {
                path: "[ROOT]/AGENTS.md",
            },
        ],
        warnings: [],
    },
)
validation:
Ok(
    ValidationReport {
        target: Hook {
            integration_id: "openclaw",
            scope: Local(
                "[ROOT]",
            ),
            tag: "golden-hook",
        },
        ok: true,
        issues: [],
        suggested_actions: [
            NoAction,
        ],
    },
)

ROOT tree:
files:
- AGENTS.md
  content:
```text
<!-- BEGIN AGENT-CONFIG:golden-hook -->
Use golden hook rules.
<!-- END AGENT-CONFIG:golden-hook -->
```

HOME tree:
<empty>
