surface: hooks
agent: copilot
scenario: uninstall_fenced_block_preserves_prose

uninstall_result:
Ok(
    UninstallReport {
        removed: [
            "[ROOT]/.github/hooks/golden-hook-rewrite.json",
        ],
        patched: [
            "[ROOT]/.github/copilot-instructions.md",
        ],
        restored: [],
        not_installed: false,
    },
)
status:
Ok(
    StatusReport {
        target: Hook {
            tag: "golden-hook",
        },
        status: Absent,
        config_path: Some(
            "[ROOT]/.github/hooks/golden-hook-rewrite.json",
        ),
        ledger_path: None,
        files: [
            Missing {
                path: "[ROOT]/.github/hooks/golden-hook-rewrite.json",
            },
        ],
        warnings: [],
    },
)
validation:
Ok(
    ValidationReport {
        target: Hook {
            integration_id: "copilot",
            scope: Local(
                "[ROOT]",
            ),
            tag: "golden-hook",
        },
        ok: true,
        issues: [],
        suggested_actions: [
            NoAction,
        ],
    },
)

ROOT tree:
directories:
- .github
files:
- .github/copilot-instructions.md
  content:
```text
Existing project guidance.
```
- .github/copilot-instructions.md.bak
  content:
```text
Existing project guidance.
```

HOME tree:
<empty>
