surface: hooks
agent: junie
scenario: existing_same_reinstall

install_result:
Ok(
    InstallReport {
        created: [],
        patched: [],
        backed_up: [],
        already_installed: true,
    },
)
status:
Ok(
    StatusReport {
        target: Hook {
            tag: "golden-hook",
        },
        status: InstalledOwned {
            owner: "golden-hook",
        },
        config_path: Some(
            "[ROOT]/.junie/AGENTS.md",
        ),
        ledger_path: None,
        files: [
            Exists {
                path: "[ROOT]/.junie/AGENTS.md",
            },
        ],
        warnings: [],
    },
)
validation:
Ok(
    ValidationReport {
        target: Hook {
            integration_id: "junie",
            scope: Local(
                "[ROOT]",
            ),
            tag: "golden-hook",
        },
        ok: true,
        issues: [],
        suggested_actions: [
            NoAction,
        ],
    },
)

ROOT tree:
directories:
- .junie
files:
- .junie/AGENTS.md
  content:
```text
<!-- BEGIN AGENT-CONFIG:golden-hook -->
Use golden hook rules.
<!-- END AGENT-CONFIG:golden-hook -->
```

HOME tree:
<empty>
