surface: hooks
agent: cline
scenario: different_consumer_preserved

install_result:
Ok(
    InstallReport {
        created: [
            "[ROOT]/.cline/rules/golden-hook.md",
        ],
        patched: [],
        backed_up: [],
        already_installed: false,
    },
)
status:
Ok(
    StatusReport {
        target: Hook {
            tag: "golden-hook",
        },
        status: InstalledOwned {
            owner: "golden-hook",
        },
        config_path: Some(
            "[ROOT]/.cline/rules/golden-hook.md",
        ),
        ledger_path: Some(
            "[ROOT]/.cline/hooks/.agent-config-hooks.json",
        ),
        files: [
            Exists {
                path: "[ROOT]/.cline/rules/golden-hook.md",
            },
        ],
        warnings: [],
    },
)
validation:
Ok(
    ValidationReport {
        target: Hook {
            integration_id: "cline",
            scope: Local(
                "[ROOT]",
            ),
            tag: "golden-hook",
        },
        ok: true,
        issues: [],
        suggested_actions: [
            NoAction,
        ],
    },
)

ROOT tree:
directories:
- .cline
- .cline/rules
files:
- .cline/rules/golden-hook.md
  content:
```text
Use golden hook rules.
```
- .cline/rules/sibling-hook.md
  content:
```text
Use sibling hook rules.
```

HOME tree:
<empty>
