surface: skills
agent: hermes
scenario: asset_path_escape_rejected

install_result:
Err(
    Other(
        "skill asset path must not contain `..` or root (got \"../escape.txt\")",
    ),
)
status:
Ok(
    StatusReport {
        target: Skill {
            name: "golden-skill",
        },
        status: Absent,
        config_path: Some(
            "[HOME]/.hermes/skills/agent-config/golden-skill",
        ),
        ledger_path: Some(
            "[HOME]/.hermes/skills/agent-config/.agent-config-skills.json",
        ),
        files: [
            Missing {
                path: "[HOME]/.hermes/skills/agent-config/golden-skill",
            },
            Missing {
                path: "[HOME]/.hermes/skills/agent-config/golden-skill/SKILL.md",
            },
        ],
        warnings: [],
    },
)
validation:
Ok(
    ValidationReport {
        target: Skill {
            integration_id: "hermes",
            scope: Global,
            name: "golden-skill",
            owner: "golden-owner",
        },
        ok: true,
        issues: [],
        suggested_actions: [
            NoAction,
        ],
    },
)

ROOT tree:
<empty>

HOME tree:
<empty>
