surface: skills
agent: hermes
scenario: skill_with_scripts_references_assets

install_result:
Ok(
    InstallReport {
        created: [
            "[HOME]/.hermes/skills/ai-hooker/golden-skill/SKILL.md",
            "[HOME]/.hermes/skills/ai-hooker/golden-skill/scripts/run.sh",
            "[HOME]/.hermes/skills/ai-hooker/golden-skill/references/notes.md",
            "[HOME]/.hermes/skills/ai-hooker/golden-skill/assets/sample.txt",
        ],
        patched: [],
        backed_up: [],
        already_installed: false,
    },
)
status:
Ok(
    StatusReport {
        target: Skill {
            name: "golden-skill",
        },
        status: InstalledOwned {
            owner: "golden-owner",
        },
        config_path: Some(
            "[HOME]/.hermes/skills/ai-hooker/golden-skill",
        ),
        ledger_path: Some(
            "[HOME]/.hermes/skills/ai-hooker/.ai-hooker-skills.json",
        ),
        files: [
            Exists {
                path: "[HOME]/.hermes/skills/ai-hooker/golden-skill",
            },
            Exists {
                path: "[HOME]/.hermes/skills/ai-hooker/golden-skill/SKILL.md",
            },
        ],
        warnings: [],
    },
)
validation:
Ok(
    ValidationReport {
        target: Skill {
            integration_id: "hermes",
            scope: Global,
            name: "golden-skill",
            owner: "golden-owner",
        },
        ok: true,
        issues: [],
        suggested_actions: [
            NoAction,
        ],
    },
)

ROOT tree:
<empty>

HOME tree:
directories:
- .hermes
- .hermes/skills
- .hermes/skills/ai-hooker
- .hermes/skills/ai-hooker/golden-skill
- .hermes/skills/ai-hooker/golden-skill/assets
- .hermes/skills/ai-hooker/golden-skill/references
- .hermes/skills/ai-hooker/golden-skill/scripts
files:
- .hermes/skills/ai-hooker/.ai-hooker-skills.json
  content:
```text
{
  "entries": {
    "golden-skill": {
      "owner": "golden-owner"
    }
  },
  "version": 1
}
```
- .hermes/skills/ai-hooker/golden-skill/SKILL.md
  content:
```text
---
name: golden-skill
description: Use during golden snapshot tests with assets.
---

## Goal
Preserve the full skill directory.
```
- .hermes/skills/ai-hooker/golden-skill/assets/sample.txt
  content:
```text
asset payload
```
- .hermes/skills/ai-hooker/golden-skill/references/notes.md
  content:
```text
# Notes
Keep this reference.
```
- .hermes/skills/ai-hooker/golden-skill/scripts/run.sh
  mode: 755
  content:
```text
#!/bin/sh
echo golden
```
