surface: skills
agent: windsurf
scenario: uninstall_removes_skill_and_ledger_entry

uninstall_result:
Ok(
    UninstallReport {
        removed: [
            "[ROOT]/.windsurf/skills/golden-skill",
        ],
        patched: [],
        restored: [],
        not_installed: false,
    },
)
status:
Ok(
    StatusReport {
        target: Skill {
            name: "golden-skill",
        },
        status: Absent,
        config_path: Some(
            "[ROOT]/.windsurf/skills/golden-skill",
        ),
        ledger_path: Some(
            "[ROOT]/.windsurf/skills/.ai-hooker-skills.json",
        ),
        files: [
            Missing {
                path: "[ROOT]/.windsurf/skills/golden-skill",
            },
            Missing {
                path: "[ROOT]/.windsurf/skills/golden-skill/SKILL.md",
            },
        ],
        warnings: [],
    },
)
validation:
Ok(
    ValidationReport {
        target: Skill {
            integration_id: "windsurf",
            scope: Local(
                "[ROOT]",
            ),
            name: "golden-skill",
            owner: "golden-owner",
        },
        ok: true,
        issues: [],
        suggested_actions: [
            NoAction,
        ],
    },
)

ROOT tree:
directories:
- .windsurf
- .windsurf/skills
- .windsurf/skills/sibling-skill
files:
- .windsurf/skills/.ai-hooker-skills.json
  content:
```text
{
  "entries": {
    "sibling-skill": {
      "owner": "golden-owner"
    }
  },
  "version": 1
}
```
- .windsurf/skills/sibling-skill/SKILL.md
  content:
```text
---
name: sibling-skill
description: Use during golden snapshot tests.
---

## Goal
Preserve the config shape.
```

HOME tree:
<empty>
