surface: hooks
agent: iflow
scenario: existing_same_reinstall

install_result:
Ok(
    InstallReport {
        created: [],
        patched: [],
        backed_up: [],
        already_installed: true,
    },
)
status:
Ok(
    StatusReport {
        target: Hook {
            tag: "golden-hook",
        },
        status: InstalledOwned {
            owner: "golden-hook",
        },
        config_path: Some(
            "[ROOT]/.iflow/settings.json",
        ),
        ledger_path: None,
        files: [
            Exists {
                path: "[ROOT]/.iflow/settings.json",
            },
        ],
        warnings: [],
    },
)
validation:
Ok(
    ValidationReport {
        target: Hook {
            integration_id: "iflow",
            scope: Local(
                "[ROOT]",
            ),
            tag: "golden-hook",
        },
        ok: true,
        issues: [],
        suggested_actions: [
            NoAction,
        ],
    },
)

ROOT tree:
directories:
- .iflow
files:
- .iflow/settings.json
  content:
```text
{
  "hooks": {
    "PreToolUse": [
      {
        "matcher": "Bash",
        "hooks": [
          {
            "type": "command",
            "command": "golden hook"
          }
        ],
        "_ai_hooker_tag": "golden-hook"
      }
    ]
  }
}
```

HOME tree:
<empty>
