surface: hooks
agent: iflow
scenario: uninstall_one_preserves_sibling

uninstall_result:
Ok(
    UninstallReport {
        removed: [],
        patched: [
            "[ROOT]/.iflow/settings.json",
        ],
        restored: [],
        not_installed: false,
    },
)
status:
Ok(
    StatusReport {
        target: Hook {
            tag: "golden-hook",
        },
        status: Absent,
        config_path: Some(
            "[ROOT]/.iflow/settings.json",
        ),
        ledger_path: None,
        files: [
            Exists {
                path: "[ROOT]/.iflow/settings.json",
            },
        ],
        warnings: [
            BackupExists {
                path: "[ROOT]/.iflow/settings.json.bak",
            },
        ],
    },
)
validation:
Ok(
    ValidationReport {
        target: Hook {
            integration_id: "iflow",
            scope: Local(
                "[ROOT]",
            ),
            tag: "golden-hook",
        },
        ok: false,
        issues: [
            BackupCollision {
                path: "[ROOT]/.iflow/settings.json.bak",
            },
        ],
        suggested_actions: [
            RestoreBackup,
        ],
    },
)

ROOT tree:
directories:
- .iflow
files:
- .iflow/settings.json
  content:
```text
{
  "hooks": {
    "PreToolUse": [
      {
        "matcher": "Bash",
        "hooks": [
          {
            "type": "command",
            "command": "golden hook"
          }
        ],
        "_agent_config_tag": "sibling-hook"
      }
    ]
  }
}
```
- .iflow/settings.json.bak
  content:
```text
{
  "hooks": {
    "PreToolUse": [
      {
        "matcher": "Bash",
        "hooks": [
          {
            "type": "command",
            "command": "golden hook"
          }
        ],
        "_agent_config_tag": "golden-hook"
      }
    ]
  }
}
```

HOME tree:
<empty>
