surface: mcp
agent: antigravitycli
scenario: http_transport

install_result:
Ok(
    InstallReport {
        created: [
            "[ROOT]/.agents/mcp_config.json",
        ],
        patched: [],
        backed_up: [],
        already_installed: false,
    },
)
status:
Ok(
    StatusReport {
        target: Mcp {
            name: "golden-server",
        },
        status: InstalledOwned {
            owner: "golden-owner",
        },
        config_path: Some(
            "[ROOT]/.agents/mcp_config.json",
        ),
        ledger_path: Some(
            "[ROOT]/.agents/.agent-config-mcp.json",
        ),
        files: [
            Exists {
                path: "[ROOT]/.agents/mcp_config.json",
            },
            Exists {
                path: "[ROOT]/.agents/.agent-config-mcp.json",
            },
        ],
        warnings: [],
    },
)
validation:
Ok(
    ValidationReport {
        target: Mcp {
            integration_id: "antigravitycli",
            scope: Local(
                "[ROOT]",
            ),
            name: "golden-server",
            owner: "golden-owner",
        },
        ok: true,
        issues: [],
        suggested_actions: [
            NoAction,
        ],
    },
)

ROOT tree:
directories:
- .agents
files:
- .agents/.agent-config-mcp.json
  content:
```text
{
  "entries": {
    "golden-server": {
      "content_hash": "a8027d88063e6a67eaa00aeb767f8629ef58118da3dec92e40446779227080b7",
      "owner": "golden-owner"
    }
  },
  "version": 2
}
```
- .agents/mcp_config.json
  content:
```text
{
  "mcpServers": {
    "golden-server": {
      "serverUrl": "https://example.test/mcp",
      "headers": {
        "Authorization": "Bearer golden-token"
      }
    }
  }
}
```

HOME tree:
<empty>
