surface: skills
agent: gemini
scenario: uninstall_final_skill_removes_empty_ledger

uninstall_result:
Ok(
    UninstallReport {
        removed: [
            "[ROOT]/.gemini/skills/golden-skill",
        ],
        patched: [],
        restored: [],
        not_installed: false,
    },
)
status:
Ok(
    StatusReport {
        target: Skill {
            name: "golden-skill",
        },
        status: Absent,
        config_path: Some(
            "[ROOT]/.gemini/skills/golden-skill",
        ),
        ledger_path: Some(
            "[ROOT]/.gemini/skills/.ai-hooker-skills.json",
        ),
        files: [
            Missing {
                path: "[ROOT]/.gemini/skills/golden-skill",
            },
            Missing {
                path: "[ROOT]/.gemini/skills/golden-skill/SKILL.md",
            },
        ],
        warnings: [],
    },
)
validation:
Ok(
    ValidationReport {
        target: Skill {
            integration_id: "gemini",
            scope: Local(
                "[ROOT]",
            ),
            name: "golden-skill",
            owner: "golden-owner",
        },
        ok: true,
        issues: [],
        suggested_actions: [
            NoAction,
        ],
    },
)

ROOT tree:
directories:
- .gemini
- .gemini/skills

HOME tree:
<empty>
