surface: mcp
agent: iflow
scenario: empty_config_install

install_result:
Ok(
    InstallReport {
        created: [
            "[ROOT]/.iflow/settings.json",
        ],
        patched: [],
        backed_up: [],
        already_installed: false,
    },
)
status:
Ok(
    StatusReport {
        target: Mcp {
            name: "golden-server",
        },
        status: InstalledOwned {
            owner: "golden-owner",
        },
        config_path: Some(
            "[ROOT]/.iflow/settings.json",
        ),
        ledger_path: Some(
            "[ROOT]/.iflow/.agent-config-mcp.json",
        ),
        files: [
            Exists {
                path: "[ROOT]/.iflow/settings.json",
            },
            Exists {
                path: "[ROOT]/.iflow/.agent-config-mcp.json",
            },
        ],
        warnings: [],
    },
)
validation:
Ok(
    ValidationReport {
        target: Mcp {
            integration_id: "iflow",
            scope: Local(
                "[ROOT]",
            ),
            name: "golden-server",
            owner: "golden-owner",
        },
        ok: true,
        issues: [],
        suggested_actions: [
            NoAction,
        ],
    },
)

ROOT tree:
directories:
- .iflow
files:
- .iflow/.agent-config-mcp.json
  content:
```text
{
  "entries": {
    "golden-server": {
      "content_hash": "9cf386a26b74249c08cc54196822deee1679dbb8ae4373c51af74283ef8e3e0f",
      "owner": "golden-owner"
    }
  },
  "version": 2
}
```
- .iflow/settings.json
  content:
```text
{
  "mcpServers": {
    "golden-server": {
      "command": "npx",
      "args": [
        "-y",
        "@example/server"
      ]
    }
  }
}
```

HOME tree:
<empty>
