surface: hooks
agent: roo
scenario: directory_uninstall_prunes_only_when_safe

uninstall_result:
Ok(
    UninstallReport {
        removed: [
            "[ROOT]/.roo/rules/sibling-hook.md",
        ],
        patched: [],
        restored: [],
        not_installed: false,
    },
)
status:
Ok(
    StatusReport {
        target: Hook {
            tag: "sibling-hook",
        },
        status: Absent,
        config_path: Some(
            "[ROOT]/.roo/rules/sibling-hook.md",
        ),
        ledger_path: None,
        files: [
            Missing {
                path: "[ROOT]/.roo/rules/sibling-hook.md",
            },
        ],
        warnings: [],
    },
)
validation:
Ok(
    ValidationReport {
        target: Hook {
            integration_id: "roo",
            scope: Local(
                "[ROOT]",
            ),
            tag: "sibling-hook",
        },
        ok: true,
        issues: [],
        suggested_actions: [
            NoAction,
        ],
    },
)

ROOT tree:
<empty>

HOME tree:
<empty>
