surface: hooks
agent: antigravity
scenario: different_consumer_preserved

install_result:
Ok(
    InstallReport {
        created: [
            "[ROOT]/.agents/rules/golden-hook.md",
        ],
        patched: [
            "[ROOT]/.agents/hooks.json",
        ],
        backed_up: [
            "[ROOT]/.agents/hooks.json.bak",
        ],
        already_installed: false,
    },
)
status:
Ok(
    StatusReport {
        target: Hook {
            tag: "golden-hook",
        },
        status: InstalledOwned {
            owner: "golden-hook",
        },
        config_path: Some(
            "[ROOT]/.agents/rules/golden-hook.md",
        ),
        ledger_path: None,
        files: [
            Exists {
                path: "[ROOT]/.agents/rules/golden-hook.md",
            },
        ],
        warnings: [],
    },
)
validation:
Ok(
    ValidationReport {
        target: Hook {
            integration_id: "antigravity",
            scope: Local(
                "[ROOT]",
            ),
            tag: "golden-hook",
        },
        ok: true,
        issues: [],
        suggested_actions: [
            NoAction,
        ],
    },
)

ROOT tree:
directories:
- .agents
- .agents/rules
files:
- .agents/hooks.json
  content:
```text
{
  "sibling-hook": {
    "PreToolUse": [
      {
        "matcher": "run_command",
        "hooks": [
          {
            "type": "command",
            "command": "golden hook",
            "timeout": 10
          }
        ]
      }
    ]
  },
  "golden-hook": {
    "PreToolUse": [
      {
        "matcher": "run_command",
        "hooks": [
          {
            "type": "command",
            "command": "golden hook",
            "timeout": 10
          }
        ]
      }
    ]
  }
}
```
- .agents/hooks.json.bak
  content:
```text
{
  "sibling-hook": {
    "PreToolUse": [
      {
        "matcher": "run_command",
        "hooks": [
          {
            "type": "command",
            "command": "golden hook",
            "timeout": 10
          }
        ]
      }
    ]
  }
}
```
- .agents/rules/golden-hook.md
  content:
```text
Use golden hook rules.
```
- .agents/rules/sibling-hook.md
  content:
```text
Use sibling hook rules.
```

HOME tree:
<empty>
