surface: mcp
agent: crush
scenario: sse_transport

install_result:
Ok(
    InstallReport {
        created: [
            "[ROOT]/crush.json",
        ],
        patched: [],
        backed_up: [],
        already_installed: false,
    },
)
status:
Ok(
    StatusReport {
        target: Mcp {
            name: "golden-server",
        },
        status: InstalledOwned {
            owner: "golden-owner",
        },
        config_path: Some(
            "[ROOT]/crush.json",
        ),
        ledger_path: Some(
            "[ROOT]/.agent-config-mcp.json",
        ),
        files: [
            Exists {
                path: "[ROOT]/crush.json",
            },
            Exists {
                path: "[ROOT]/.agent-config-mcp.json",
            },
        ],
        warnings: [],
    },
)
validation:
Ok(
    ValidationReport {
        target: Mcp {
            integration_id: "crush",
            scope: Local(
                "[ROOT]",
            ),
            name: "golden-server",
            owner: "golden-owner",
        },
        ok: true,
        issues: [],
        suggested_actions: [
            NoAction,
        ],
    },
)

ROOT tree:
files:
- .agent-config-mcp.json
  content:
```text
{
  "entries": {
    "golden-server": {
      "content_hash": "7dcf3e20cda309c1ec5de33c8457b441c767cb4684aaa7b82924a0aebb781a32",
      "owner": "golden-owner"
    }
  },
  "version": 2
}
```
- crush.json
  content:
```text
{
  "mcp": {
    "golden-server": {
      "type": "sse",
      "url": "https://example.test/sse",
      "headers": {
        "X-Golden": "true"
      }
    }
  }
}
```

HOME tree:
<empty>
