surface: mcp
agent: qodercli
scenario: stdio_transport_with_env

install_result:
Ok(
    InstallReport {
        created: [
            "[ROOT]/.mcp.json",
        ],
        patched: [],
        backed_up: [],
        already_installed: false,
    },
)
status:
Ok(
    StatusReport {
        target: Mcp {
            name: "golden-server",
        },
        status: InstalledOwned {
            owner: "golden-owner",
        },
        config_path: Some(
            "[ROOT]/.mcp.json",
        ),
        ledger_path: Some(
            "[ROOT]/.agent-config-mcp.json",
        ),
        files: [
            Exists {
                path: "[ROOT]/.mcp.json",
            },
            Exists {
                path: "[ROOT]/.agent-config-mcp.json",
            },
        ],
        warnings: [],
    },
)
validation:
Ok(
    ValidationReport {
        target: Mcp {
            integration_id: "qodercli",
            scope: Local(
                "[ROOT]",
            ),
            name: "golden-server",
            owner: "golden-owner",
        },
        ok: true,
        issues: [],
        suggested_actions: [
            NoAction,
        ],
    },
)

ROOT tree:
files:
- .agent-config-mcp.json
  content:
```text
{
  "entries": {
    "golden-server": {
      "content_hash": "2492e8fd9eca18223b2aecb13317d0ab8ccddf80c143f7a40416257d4a4ee402",
      "owner": "golden-owner"
    }
  },
  "version": 2
}
```
- .mcp.json
  content:
```text
{
  "mcpServers": {
    "golden-server": {
      "command": "npx",
      "args": [
        "-y",
        "@example/server"
      ],
      "env": {
        "API_TOKEN": "golden-token",
        "CACHE_DIR": "/tmp/golden-cache"
      }
    }
  }
}
```

HOME tree:
<empty>
