surface: hooks
agent: tabnine
scenario: empty_rules_install

install_result:
Ok(
    InstallReport {
        created: [
            "[ROOT]/.tabnine/agent/settings.json",
        ],
        patched: [],
        backed_up: [],
        already_installed: false,
    },
)
status:
Ok(
    StatusReport {
        target: Hook {
            tag: "golden-hook",
        },
        status: InstalledOwned {
            owner: "golden-hook",
        },
        config_path: Some(
            "[ROOT]/.tabnine/agent/settings.json",
        ),
        ledger_path: None,
        files: [
            Exists {
                path: "[ROOT]/.tabnine/agent/settings.json",
            },
        ],
        warnings: [],
    },
)
validation:
Ok(
    ValidationReport {
        target: Hook {
            integration_id: "tabnine",
            scope: Local(
                "[ROOT]",
            ),
            tag: "golden-hook",
        },
        ok: true,
        issues: [],
        suggested_actions: [
            NoAction,
        ],
    },
)

ROOT tree:
directories:
- .tabnine
- .tabnine/agent
files:
- .tabnine/agent/settings.json
  content:
```text
{
  "hooks": {
    "BeforeTool": [
      {
        "matcher": "Bash",
        "hooks": [
          {
            "type": "command",
            "command": "golden hook"
          }
        ],
        "_agent_config_tag": "golden-hook"
      }
    ]
  }
}
```

HOME tree:
<empty>
