surface: mcp
agent: openclaw
scenario: existing_owned_same_name_reinstall

install_result:
Ok(
    InstallReport {
        created: [],
        patched: [],
        backed_up: [],
        already_installed: true,
    },
)
status:
Ok(
    StatusReport {
        target: Mcp {
            name: "golden-server",
        },
        status: InstalledOwned {
            owner: "golden-owner",
        },
        config_path: Some(
            "[HOME]/.openclaw/openclaw.json",
        ),
        ledger_path: Some(
            "[HOME]/.openclaw/.ai-hooker-mcp.json",
        ),
        files: [
            Exists {
                path: "[HOME]/.openclaw/openclaw.json",
            },
            Exists {
                path: "[HOME]/.openclaw/.ai-hooker-mcp.json",
            },
        ],
        warnings: [],
    },
)
validation:
Ok(
    ValidationReport {
        target: Mcp {
            integration_id: "openclaw",
            scope: Global,
            name: "golden-server",
            owner: "golden-owner",
        },
        ok: true,
        issues: [],
        suggested_actions: [
            NoAction,
        ],
    },
)

ROOT tree:
<empty>

HOME tree:
directories:
- .openclaw
files:
- .openclaw/.ai-hooker-mcp.json
  content:
```text
{
  "entries": {
    "golden-server": {
      "content_hash": "766a1b115da0f3867002366fdc9dcab08b31ab98ea83361a59b9170b06431462",
      "owner": "golden-owner"
    }
  },
  "version": 2
}
```
- .openclaw/openclaw.json
  content:
```text
{
  "mcp": {
    "servers": {
      "golden-server": {
        "command": "npx",
        "args": [
          "-y",
          "@example/server"
        ]
      }
    }
  }
}
```
