surface: mcp
agent: openclaw
scenario: sse_transport

install_result:
Ok(
    InstallReport {
        created: [
            "[HOME]/.openclaw/openclaw.json",
        ],
        patched: [],
        backed_up: [],
        already_installed: false,
    },
)
status:
Ok(
    StatusReport {
        target: Mcp {
            name: "golden-server",
        },
        status: InstalledOwned {
            owner: "golden-owner",
        },
        config_path: Some(
            "[HOME]/.openclaw/openclaw.json",
        ),
        ledger_path: Some(
            "[HOME]/.openclaw/.agent-config-mcp.json",
        ),
        files: [
            Exists {
                path: "[HOME]/.openclaw/openclaw.json",
            },
            Exists {
                path: "[HOME]/.openclaw/.agent-config-mcp.json",
            },
        ],
        warnings: [],
    },
)
validation:
Ok(
    ValidationReport {
        target: Mcp {
            integration_id: "openclaw",
            scope: Global,
            name: "golden-server",
            owner: "golden-owner",
        },
        ok: true,
        issues: [],
        suggested_actions: [
            NoAction,
        ],
    },
)

ROOT tree:
<empty>

HOME tree:
directories:
- .openclaw
files:
- .openclaw/.agent-config-mcp.json
  content:
```text
{
  "entries": {
    "golden-server": {
      "content_hash": "e2ec68b4d06df22e45bfc5f5444c23cf66e01c9aaa102be34121ae6c85d4a667",
      "owner": "golden-owner"
    }
  },
  "version": 2
}
```
- .openclaw/openclaw.json
  content:
```text
{
  "mcp": {
    "servers": {
      "golden-server": {
        "url": "https://example.test/sse",
        "transport": "sse",
        "headers": {
          "X-Golden": "true"
        }
      }
    }
  }
}
```
