surface: mcp
agent: copilot
scenario: uninstall_only_managed_entry

uninstall_result:
Ok(
    UninstallReport {
        removed: [
            "[ROOT]/.mcp.json",
        ],
        patched: [],
        restored: [],
        not_installed: false,
    },
)
status:
Ok(
    StatusReport {
        target: Mcp {
            name: "golden-server",
        },
        status: Absent,
        config_path: Some(
            "[ROOT]/.mcp.json",
        ),
        ledger_path: Some(
            "[ROOT]/.ai-hooker-mcp.json",
        ),
        files: [
            Missing {
                path: "[ROOT]/.mcp.json",
            },
            Missing {
                path: "[ROOT]/.ai-hooker-mcp.json",
            },
        ],
        warnings: [],
    },
)
validation:
Ok(
    ValidationReport {
        target: Mcp {
            integration_id: "copilot",
            scope: Local(
                "[ROOT]",
            ),
            name: "golden-server",
            owner: "golden-owner",
        },
        ok: true,
        issues: [],
        suggested_actions: [
            NoAction,
        ],
    },
)

ROOT tree:
<empty>

HOME tree:
<empty>
