surface: hooks
agent: cursor
scenario: different_consumer_preserved

install_result:
Ok(
    InstallReport {
        created: [],
        patched: [
            "[ROOT]/.cursor/hooks.json",
        ],
        backed_up: [
            "[ROOT]/.cursor/hooks.json.bak",
        ],
        already_installed: false,
    },
)
status:
Ok(
    StatusReport {
        target: Hook {
            tag: "golden-hook",
        },
        status: InstalledOwned {
            owner: "golden-hook",
        },
        config_path: Some(
            "[ROOT]/.cursor/hooks.json",
        ),
        ledger_path: None,
        files: [
            Exists {
                path: "[ROOT]/.cursor/hooks.json",
            },
        ],
        warnings: [],
    },
)
validation:
Ok(
    ValidationReport {
        target: Hook {
            integration_id: "cursor",
            scope: Local(
                "[ROOT]",
            ),
            tag: "golden-hook",
        },
        ok: false,
        issues: [
            BackupCollision {
                path: "[ROOT]/.cursor/hooks.json.bak",
            },
        ],
        suggested_actions: [
            RestoreBackup,
        ],
    },
)

ROOT tree:
directories:
- .cursor
files:
- .cursor/hooks.json
  content:
```text
{
  "version": 1,
  "hooks": {
    "preToolUse": [
      {
        "command": "golden hook",
        "matcher": "Shell",
        "_agent_config_tag": "sibling-hook"
      },
      {
        "command": "golden hook",
        "matcher": "Shell",
        "_agent_config_tag": "golden-hook"
      }
    ]
  }
}
```
- .cursor/hooks.json.bak
  content:
```text
{
  "version": 1,
  "hooks": {
    "preToolUse": [
      {
        "command": "golden hook",
        "matcher": "Shell",
        "_agent_config_tag": "sibling-hook"
      }
    ]
  }
}
```

HOME tree:
<empty>
