surface: mcp
agent: cline
scenario: stdio_transport_with_env

install_result:
Ok(
    InstallReport {
        created: [
            "[HOME]/Library/Application Support/Code/User/globalStorage/saoudrizwan.claude-dev/settings/cline_mcp_settings.json",
        ],
        patched: [],
        backed_up: [],
        already_installed: false,
    },
)
status:
Ok(
    StatusReport {
        target: Mcp {
            name: "golden-server",
        },
        status: InstalledOwned {
            owner: "golden-owner",
        },
        config_path: Some(
            "[HOME]/Library/Application Support/Code/User/globalStorage/saoudrizwan.claude-dev/settings/cline_mcp_settings.json",
        ),
        ledger_path: Some(
            "[HOME]/Library/Application Support/Code/User/globalStorage/saoudrizwan.claude-dev/settings/.ai-hooker-mcp.json",
        ),
        files: [
            Exists {
                path: "[HOME]/Library/Application Support/Code/User/globalStorage/saoudrizwan.claude-dev/settings/cline_mcp_settings.json",
            },
            Exists {
                path: "[HOME]/Library/Application Support/Code/User/globalStorage/saoudrizwan.claude-dev/settings/.ai-hooker-mcp.json",
            },
        ],
        warnings: [],
    },
)
validation:
Ok(
    ValidationReport {
        target: Mcp {
            integration_id: "cline",
            scope: Global,
            name: "golden-server",
            owner: "golden-owner",
        },
        ok: true,
        issues: [],
        suggested_actions: [
            NoAction,
        ],
    },
)

ROOT tree:
<empty>

HOME tree:
directories:
- Library
- Library/Application Support
- Library/Application Support/Code
- Library/Application Support/Code/User
- Library/Application Support/Code/User/globalStorage
- Library/Application Support/Code/User/globalStorage/saoudrizwan.claude-dev
- Library/Application Support/Code/User/globalStorage/saoudrizwan.claude-dev/settings
files:
- Library/Application Support/Code/User/globalStorage/saoudrizwan.claude-dev/settings/.ai-hooker-mcp.json
  content:
```text
{
  "entries": {
    "golden-server": {
      "content_hash": "8680a33bb379abd519427246724c074f83a1d0da23240b2b15bf7d0d9d0d000d",
      "owner": "golden-owner"
    }
  },
  "version": 2
}
```
- Library/Application Support/Code/User/globalStorage/saoudrizwan.claude-dev/settings/cline_mcp_settings.json
  content:
```text
{
  "mcpServers": {
    "golden-server": {
      "command": "npx",
      "args": [
        "-y",
        "@example/server"
      ],
      "env": {
        "API_TOKEN": "golden-token",
        "CACHE_DIR": "/tmp/golden-cache"
      }
    }
  }
}
```
