surface: mcp
agent: gemini
scenario: existing_owned_same_name_reinstall

install_result:
Ok(
    InstallReport {
        created: [],
        patched: [],
        backed_up: [],
        already_installed: true,
    },
)
status:
Ok(
    StatusReport {
        target: Mcp {
            name: "golden-server",
        },
        status: InstalledOwned {
            owner: "golden-owner",
        },
        config_path: Some(
            "[ROOT]/.gemini/settings.json",
        ),
        ledger_path: Some(
            "[ROOT]/.gemini/.agent-config-mcp.json",
        ),
        files: [
            Exists {
                path: "[ROOT]/.gemini/settings.json",
            },
            Exists {
                path: "[ROOT]/.gemini/.agent-config-mcp.json",
            },
        ],
        warnings: [],
    },
)
validation:
Ok(
    ValidationReport {
        target: Mcp {
            integration_id: "gemini",
            scope: Local(
                "[ROOT]",
            ),
            name: "golden-server",
            owner: "golden-owner",
        },
        ok: true,
        issues: [],
        suggested_actions: [
            NoAction,
        ],
    },
)

ROOT tree:
directories:
- .gemini
files:
- .gemini/.agent-config-mcp.json
  content:
```text
{
  "entries": {
    "golden-server": {
      "content_hash": "de73436d65e5d173e50b0a75ebd36bc753c2281d77b04050a84202439c0173ec",
      "owner": "golden-owner"
    }
  },
  "version": 2
}
```
- .gemini/settings.json
  content:
```text
{
  "mcpServers": {
    "golden-server": {
      "command": "npx",
      "args": [
        "-y",
        "@example/server"
      ]
    }
  }
}
```

HOME tree:
<empty>
