surface: mcp
agent: gemini
scenario: uninstall_preserves_siblings

uninstall_result:
Ok(
    UninstallReport {
        removed: [],
        patched: [
            "[ROOT]/.gemini/settings.json",
        ],
        restored: [],
        not_installed: false,
    },
)
status:
Ok(
    StatusReport {
        target: Mcp {
            name: "golden-server",
        },
        status: Absent,
        config_path: Some(
            "[ROOT]/.gemini/settings.json",
        ),
        ledger_path: Some(
            "[ROOT]/.gemini/.ai-hooker-mcp.json",
        ),
        files: [
            Exists {
                path: "[ROOT]/.gemini/settings.json",
            },
            Exists {
                path: "[ROOT]/.gemini/.ai-hooker-mcp.json",
            },
        ],
        warnings: [
            BackupExists {
                path: "[ROOT]/.gemini/settings.json.bak",
            },
        ],
    },
)
validation:
Ok(
    ValidationReport {
        target: Mcp {
            integration_id: "gemini",
            scope: Local(
                "[ROOT]",
            ),
            name: "golden-server",
            owner: "golden-owner",
        },
        ok: false,
        issues: [
            BackupCollision {
                path: "[ROOT]/.gemini/settings.json.bak",
            },
        ],
        suggested_actions: [
            RestoreBackup,
        ],
    },
)

ROOT tree:
directories:
- .gemini
files:
- .gemini/.ai-hooker-mcp.json
  content:
```text
{
  "entries": {
    "sibling-server": {
      "owner": "golden-owner"
    }
  },
  "version": 1
}
```
- .gemini/settings.json
  content:
```text
{
  "mcpServers": {
    "sibling-server": {
      "command": "npx",
      "args": [
        "-y",
        "@example/server"
      ]
    }
  }
}
```
- .gemini/settings.json.bak
  content:
```text
{
  "mcpServers": {
    "golden-server": {
      "command": "npx",
      "args": [
        "-y",
        "@example/server"
      ]
    }
  }
}
```

HOME tree:
<empty>
