surface: mcp
agent: codex
scenario: http_transport

install_result:
Ok(
    InstallReport {
        created: [
            "[ROOT]/.codex/config.toml",
        ],
        patched: [],
        backed_up: [],
        already_installed: false,
    },
)
status:
Ok(
    StatusReport {
        target: Mcp {
            name: "golden-server",
        },
        status: InstalledOwned {
            owner: "golden-owner",
        },
        config_path: Some(
            "[ROOT]/.codex/config.toml",
        ),
        ledger_path: Some(
            "[ROOT]/.codex/.agent-config-mcp.json",
        ),
        files: [
            Exists {
                path: "[ROOT]/.codex/config.toml",
            },
            Exists {
                path: "[ROOT]/.codex/.agent-config-mcp.json",
            },
        ],
        warnings: [],
    },
)
validation:
Ok(
    ValidationReport {
        target: Mcp {
            integration_id: "codex",
            scope: Local(
                "[ROOT]",
            ),
            name: "golden-server",
            owner: "golden-owner",
        },
        ok: true,
        issues: [],
        suggested_actions: [
            NoAction,
        ],
    },
)

ROOT tree:
directories:
- .codex
files:
- .codex/.agent-config-mcp.json
  content:
```text
{
  "entries": {
    "golden-server": {
      "content_hash": "36e9b58fb72ddf82e27a4d614ea6f1315f315118a169a6751ebc0066f2c088a9",
      "owner": "golden-owner"
    }
  },
  "version": 2
}
```
- .codex/config.toml
  content:
```text
[mcp_servers.golden-server]
type = "http"
url = "https://example.test/mcp"
headers = { Authorization = "Bearer golden-token" }
```

HOME tree:
<empty>
