surface: mcp
agent: codex
scenario: stdio_transport_with_env

install_result:
Ok(
    InstallReport {
        created: [
            "[ROOT]/.codex/config.toml",
        ],
        patched: [],
        backed_up: [],
        already_installed: false,
    },
)
status:
Ok(
    StatusReport {
        target: Mcp {
            name: "golden-server",
        },
        status: InstalledOwned {
            owner: "golden-owner",
        },
        config_path: Some(
            "[ROOT]/.codex/config.toml",
        ),
        ledger_path: Some(
            "[ROOT]/.codex/.ai-hooker-mcp.json",
        ),
        files: [
            Exists {
                path: "[ROOT]/.codex/config.toml",
            },
            Exists {
                path: "[ROOT]/.codex/.ai-hooker-mcp.json",
            },
        ],
        warnings: [],
    },
)
validation:
Ok(
    ValidationReport {
        target: Mcp {
            integration_id: "codex",
            scope: Local(
                "[ROOT]",
            ),
            name: "golden-server",
            owner: "golden-owner",
        },
        ok: true,
        issues: [],
        suggested_actions: [
            NoAction,
        ],
    },
)

ROOT tree:
directories:
- .codex
files:
- .codex/.ai-hooker-mcp.json
  content:
```text
{
  "entries": {
    "golden-server": {
      "content_hash": "e031902814f0192b2d0c9dab57f3a3bd77e421394c027c88b900ea556afee24a",
      "owner": "golden-owner"
    }
  },
  "version": 2
}
```
- .codex/config.toml
  content:
```text
[mcp_servers.golden-server]
command = "npx"
args = ["-y", "@example/server"]
env = { API_TOKEN = "golden-token", CACHE_DIR = "/tmp/golden-cache" }
```

HOME tree:
<empty>
