surface: mcp
agent: hermes
scenario: empty_config_install

install_result:
Ok(
    InstallReport {
        created: [
            "[HOME]/.hermes/config.yaml",
        ],
        patched: [],
        backed_up: [],
        already_installed: false,
    },
)
status:
Ok(
    StatusReport {
        target: Mcp {
            name: "golden-server",
        },
        status: InstalledOwned {
            owner: "golden-owner",
        },
        config_path: Some(
            "[HOME]/.hermes/config.yaml",
        ),
        ledger_path: Some(
            "[HOME]/.hermes/.ai-hooker-mcp.json",
        ),
        files: [
            Exists {
                path: "[HOME]/.hermes/config.yaml",
            },
            Exists {
                path: "[HOME]/.hermes/.ai-hooker-mcp.json",
            },
        ],
        warnings: [],
    },
)
validation:
Ok(
    ValidationReport {
        target: Mcp {
            integration_id: "hermes",
            scope: Global,
            name: "golden-server",
            owner: "golden-owner",
        },
        ok: true,
        issues: [],
        suggested_actions: [
            NoAction,
        ],
    },
)

ROOT tree:
<empty>

HOME tree:
directories:
- .hermes
files:
- .hermes/.ai-hooker-mcp.json
  content:
```text
{
  "entries": {
    "golden-server": {
      "content_hash": "0c3c6181e1bd8dcc62f88d66078dff7872560f4a914ef557ff256e2d3ab17689",
      "owner": "golden-owner"
    }
  },
  "version": 2
}
```
- .hermes/config.yaml
  content:
```text
mcp_servers:
  golden-server:
    command: npx
    args:
    - -y
    - '@example/server'
```
