surface: mcp
agent: hermes
scenario: existing_unrelated_config_install

install_result:
Ok(
    InstallReport {
        created: [],
        patched: [
            "[HOME]/.hermes/config.yaml",
        ],
        backed_up: [
            "[HOME]/.hermes/config.yaml.bak",
        ],
        already_installed: false,
    },
)
status:
Ok(
    StatusReport {
        target: Mcp {
            name: "golden-server",
        },
        status: InstalledOwned {
            owner: "golden-owner",
        },
        config_path: Some(
            "[HOME]/.hermes/config.yaml",
        ),
        ledger_path: Some(
            "[HOME]/.hermes/.ai-hooker-mcp.json",
        ),
        files: [
            Exists {
                path: "[HOME]/.hermes/config.yaml",
            },
            Exists {
                path: "[HOME]/.hermes/.ai-hooker-mcp.json",
            },
        ],
        warnings: [],
    },
)
validation:
Ok(
    ValidationReport {
        target: Mcp {
            integration_id: "hermes",
            scope: Global,
            name: "golden-server",
            owner: "golden-owner",
        },
        ok: false,
        issues: [
            BackupCollision {
                path: "[HOME]/.hermes/config.yaml.bak",
            },
        ],
        suggested_actions: [
            RestoreBackup,
        ],
    },
)

ROOT tree:
<empty>

HOME tree:
directories:
- .hermes
files:
- .hermes/.ai-hooker-mcp.json
  content:
```text
{
  "entries": {
    "golden-server": {
      "content_hash": "aa46d07a782761b4d9c084e410bac2e90888e4df3ac62e0c846461ead63a896c",
      "owner": "golden-owner"
    }
  },
  "version": 2
}
```
- .hermes/config.yaml
  content:
```text
mcp_servers:
  sibling-server:
    command: npx
    args:
    - -y
    - '@example/server'
  golden-server:
    command: npx
    args:
    - -y
    - '@example/server'
```
- .hermes/config.yaml.bak
  content:
```text
mcp_servers:
  sibling-server:
    command: npx
    args:
    - -y
    - '@example/server'
```
