surface: skills
agent: cursor
scenario: refuse_other_owner_skill

install_result:
Err(
    NotOwnedByCaller {
        kind: "skill",
        name: "golden-skill",
        expected: "golden-owner",
        actual: Some(
            "other-owner",
        ),
    },
)
status:
Ok(
    StatusReport {
        target: Skill {
            name: "golden-skill",
        },
        status: InstalledOtherOwner {
            owner: "other-owner",
        },
        config_path: Some(
            "[ROOT]/.cursor/skills/golden-skill",
        ),
        ledger_path: Some(
            "[ROOT]/.cursor/skills/.ai-hooker-skills.json",
        ),
        files: [
            Exists {
                path: "[ROOT]/.cursor/skills/golden-skill",
            },
            Exists {
                path: "[ROOT]/.cursor/skills/golden-skill/SKILL.md",
            },
        ],
        warnings: [],
    },
)
validation:
Ok(
    ValidationReport {
        target: Skill {
            integration_id: "cursor",
            scope: Local(
                "[ROOT]",
            ),
            name: "golden-skill",
            owner: "golden-owner",
        },
        ok: false,
        issues: [
            OwnerMismatch {
                expected: "golden-owner",
                actual: Some(
                    "other-owner",
                ),
                path: Some(
                    "[ROOT]/.cursor/skills/.ai-hooker-skills.json",
                ),
            },
        ],
        suggested_actions: [
            UninstallWithOwner,
        ],
    },
)

ROOT tree:
directories:
- .cursor
- .cursor/skills
- .cursor/skills/golden-skill
files:
- .cursor/skills/.ai-hooker-skills.json
  content:
```text
{
  "entries": {
    "golden-skill": {
      "owner": "other-owner"
    }
  },
  "version": 1
}
```
- .cursor/skills/golden-skill/SKILL.md
  content:
```text
---
name: golden-skill
description: Use during golden snapshot tests.
---

## Goal
Preserve the config shape.
```

HOME tree:
<empty>
