surface: hooks
agent: crush
scenario: existing_same_reinstall

install_result:
Ok(
    InstallReport {
        created: [],
        patched: [],
        backed_up: [],
        already_installed: true,
    },
)
status:
Ok(
    StatusReport {
        target: Hook {
            tag: "golden-hook",
        },
        status: InstalledOwned {
            owner: "golden-hook",
        },
        config_path: Some(
            "[ROOT]/crush.json",
        ),
        ledger_path: None,
        files: [
            Exists {
                path: "[ROOT]/crush.json",
            },
        ],
        warnings: [],
    },
)
validation:
Ok(
    ValidationReport {
        target: Hook {
            integration_id: "crush",
            scope: Local(
                "[ROOT]",
            ),
            tag: "golden-hook",
        },
        ok: true,
        issues: [],
        suggested_actions: [
            NoAction,
        ],
    },
)

ROOT tree:
files:
- AGENTS.md
  content:
```text
<!-- BEGIN AGENT-CONFIG:golden-hook -->
Use golden hook rules.
<!-- END AGENT-CONFIG:golden-hook -->
```
- crush.json
  content:
```text
{
  "hooks": {
    "PreToolUse": [
      {
        "matcher": "^bash$",
        "command": "golden hook",
        "timeout": 30,
        "_agent_config_tag": "golden-hook"
      }
    ]
  }
}
```

HOME tree:
<empty>
