surface: mcp
agent: opencode
scenario: empty_config_install

install_result:
Ok(
    InstallReport {
        created: [
            "[ROOT]/opencode.json",
        ],
        patched: [],
        backed_up: [],
        already_installed: false,
    },
)
status:
Ok(
    StatusReport {
        target: Mcp {
            name: "golden-server",
        },
        status: InstalledOwned {
            owner: "golden-owner",
        },
        config_path: Some(
            "[ROOT]/opencode.json",
        ),
        ledger_path: Some(
            "[ROOT]/.agent-config-mcp.json",
        ),
        files: [
            Exists {
                path: "[ROOT]/opencode.json",
            },
            Exists {
                path: "[ROOT]/.agent-config-mcp.json",
            },
        ],
        warnings: [],
    },
)
validation:
Ok(
    ValidationReport {
        target: Mcp {
            integration_id: "opencode",
            scope: Local(
                "[ROOT]",
            ),
            name: "golden-server",
            owner: "golden-owner",
        },
        ok: true,
        issues: [],
        suggested_actions: [
            NoAction,
        ],
    },
)

ROOT tree:
files:
- .agent-config-mcp.json
  content:
```text
{
  "entries": {
    "golden-server": {
      "content_hash": "e987902ec504392100b03cccc7f288c247d0f83469e8d997821838075f477831",
      "owner": "golden-owner"
    }
  },
  "version": 2
}
```
- opencode.json
  content:
```text
{
  "mcp": {
    "golden-server": {
      "type": "local",
      "command": [
        "npx",
        "-y",
        "@example/server"
      ]
    }
  }
}
```

HOME tree:
<empty>
