surface: mcp
agent: opencode
scenario: stdio_transport_with_env

install_result:
Ok(
    InstallReport {
        created: [
            "[ROOT]/opencode.json",
        ],
        patched: [],
        backed_up: [],
        already_installed: false,
    },
)
status:
Ok(
    StatusReport {
        target: Mcp {
            name: "golden-server",
        },
        status: InstalledOwned {
            owner: "golden-owner",
        },
        config_path: Some(
            "[ROOT]/opencode.json",
        ),
        ledger_path: Some(
            "[ROOT]/.agent-config-mcp.json",
        ),
        files: [
            Exists {
                path: "[ROOT]/opencode.json",
            },
            Exists {
                path: "[ROOT]/.agent-config-mcp.json",
            },
        ],
        warnings: [],
    },
)
validation:
Ok(
    ValidationReport {
        target: Mcp {
            integration_id: "opencode",
            scope: Local(
                "[ROOT]",
            ),
            name: "golden-server",
            owner: "golden-owner",
        },
        ok: true,
        issues: [],
        suggested_actions: [
            NoAction,
        ],
    },
)

ROOT tree:
files:
- .agent-config-mcp.json
  content:
```text
{
  "entries": {
    "golden-server": {
      "content_hash": "51119a3cd72cf5c409495c6a2bbecae28e649d4294c4c9be831d9e537d3dd563",
      "owner": "golden-owner"
    }
  },
  "version": 2
}
```
- opencode.json
  content:
```text
{
  "mcp": {
    "golden-server": {
      "type": "local",
      "command": [
        "npx",
        "-y",
        "@example/server"
      ],
      "environment": {
        "API_TOKEN": "golden-token",
        "CACHE_DIR": "/tmp/golden-cache"
      }
    }
  }
}
```

HOME tree:
<empty>
