surface: mcp
agent: opencode
scenario: uninstall_preserves_siblings

uninstall_result:
Ok(
    UninstallReport {
        removed: [],
        patched: [
            "[ROOT]/opencode.json",
        ],
        restored: [],
        not_installed: false,
    },
)
status:
Ok(
    StatusReport {
        target: Mcp {
            name: "golden-server",
        },
        status: Absent,
        config_path: Some(
            "[ROOT]/opencode.json",
        ),
        ledger_path: Some(
            "[ROOT]/.agent-config-mcp.json",
        ),
        files: [
            Exists {
                path: "[ROOT]/opencode.json",
            },
            Exists {
                path: "[ROOT]/.agent-config-mcp.json",
            },
        ],
        warnings: [
            BackupExists {
                path: "[ROOT]/opencode.json.bak",
            },
        ],
    },
)
validation:
Ok(
    ValidationReport {
        target: Mcp {
            integration_id: "opencode",
            scope: Local(
                "[ROOT]",
            ),
            name: "golden-server",
            owner: "golden-owner",
        },
        ok: false,
        issues: [
            BackupCollision {
                path: "[ROOT]/opencode.json.bak",
            },
        ],
        suggested_actions: [
            RestoreBackup,
        ],
    },
)

ROOT tree:
files:
- .agent-config-mcp.json
  content:
```text
{
  "entries": {
    "sibling-server": {
      "content_hash": "45b1ca1ca93bce91e3b3b7467f01ca83de1e73b6ce7a2ca3187e277a7b57e3af",
      "owner": "golden-owner"
    }
  },
  "version": 2
}
```
- opencode.json
  content:
```text
{
  "mcp": {
    "sibling-server": {
      "type": "local",
      "command": [
        "npx",
        "-y",
        "@example/server"
      ]
    }
  }
}
```
- opencode.json.bak
  content:
```text
{
  "mcp": {
    "golden-server": {
      "type": "local",
      "command": [
        "npx",
        "-y",
        "@example/server"
      ]
    }
  }
}
```

HOME tree:
<empty>
