surface: mcp
agent: qwen
scenario: existing_unrelated_config_install

install_result:
Ok(
    InstallReport {
        created: [],
        patched: [
            "[ROOT]/.qwen/settings.json",
        ],
        backed_up: [
            "[ROOT]/.qwen/settings.json.bak",
        ],
        already_installed: false,
    },
)
status:
Ok(
    StatusReport {
        target: Mcp {
            name: "golden-server",
        },
        status: InstalledOwned {
            owner: "golden-owner",
        },
        config_path: Some(
            "[ROOT]/.qwen/settings.json",
        ),
        ledger_path: Some(
            "[ROOT]/.qwen/.agent-config-mcp.json",
        ),
        files: [
            Exists {
                path: "[ROOT]/.qwen/settings.json",
            },
            Exists {
                path: "[ROOT]/.qwen/.agent-config-mcp.json",
            },
        ],
        warnings: [],
    },
)
validation:
Ok(
    ValidationReport {
        target: Mcp {
            integration_id: "qwen",
            scope: Local(
                "[ROOT]",
            ),
            name: "golden-server",
            owner: "golden-owner",
        },
        ok: false,
        issues: [
            BackupCollision {
                path: "[ROOT]/.qwen/settings.json.bak",
            },
        ],
        suggested_actions: [
            RestoreBackup,
        ],
    },
)

ROOT tree:
directories:
- .qwen
files:
- .qwen/.agent-config-mcp.json
  content:
```text
{
  "entries": {
    "golden-server": {
      "content_hash": "de73436d65e5d173e50b0a75ebd36bc753c2281d77b04050a84202439c0173ec",
      "owner": "golden-owner"
    }
  },
  "version": 2
}
```
- .qwen/settings.json
  content:
```text
{
  "mcpServers": {
    "sibling-server": {
      "command": "npx",
      "args": [
        "-y",
        "@example/server"
      ]
    },
    "golden-server": {
      "command": "npx",
      "args": [
        "-y",
        "@example/server"
      ]
    }
  }
}
```
- .qwen/settings.json.bak
  content:
```text
{
  "mcpServers": {
    "sibling-server": {
      "command": "npx",
      "args": [
        "-y",
        "@example/server"
      ]
    }
  }
}
```

HOME tree:
<empty>
