surface: mcp
agent: pi
scenario: existing_user_installed_same_name_no_ledger

install_result:
Err(
    NotOwnedByCaller {
        kind: "mcp server",
        name: "golden-server",
        expected: "golden-owner",
        actual: None,
    },
)
status:
Ok(
    StatusReport {
        target: Mcp {
            name: "golden-server",
        },
        status: PresentUnowned,
        config_path: Some(
            "[ROOT]/.pi/mcp.json",
        ),
        ledger_path: Some(
            "[ROOT]/.pi/.agent-config-mcp.json",
        ),
        files: [
            Exists {
                path: "[ROOT]/.pi/mcp.json",
            },
            Missing {
                path: "[ROOT]/.pi/.agent-config-mcp.json",
            },
        ],
        warnings: [],
    },
)
validation:
Ok(
    ValidationReport {
        target: Mcp {
            integration_id: "pi",
            scope: Local(
                "[ROOT]",
            ),
            name: "golden-server",
            owner: "golden-owner",
        },
        ok: false,
        issues: [
            ConfigOnly {
                path: "[ROOT]/.pi/mcp.json",
            },
        ],
        suggested_actions: [
            RemoveConfigEntry,
        ],
    },
)

ROOT tree:
directories:
- .pi
files:
- .pi/mcp.json
  content:
```text
{
  "mcpServers": {
    "golden-server": {
      "command": "npx",
      "args": [
        "-y",
        "@example/server"
      ]
    }
  }
}
```

HOME tree:
<empty>
