surface: mcp
agent: pi
scenario: uninstall_final_entry_prunes

uninstall_result:
Ok(
    UninstallReport {
        removed: [],
        patched: [],
        restored: [],
        not_installed: true,
    },
)
status:
Ok(
    StatusReport {
        target: Mcp {
            name: "golden-server",
        },
        status: Absent,
        config_path: Some(
            "[ROOT]/.pi/mcp.json",
        ),
        ledger_path: Some(
            "[ROOT]/.pi/.agent-config-mcp.json",
        ),
        files: [
            Missing {
                path: "[ROOT]/.pi/mcp.json",
            },
            Missing {
                path: "[ROOT]/.pi/.agent-config-mcp.json",
            },
        ],
        warnings: [],
    },
)
validation:
Ok(
    ValidationReport {
        target: Mcp {
            integration_id: "pi",
            scope: Local(
                "[ROOT]",
            ),
            name: "golden-server",
            owner: "golden-owner",
        },
        ok: true,
        issues: [],
        suggested_actions: [
            NoAction,
        ],
    },
)

ROOT tree:
directories:
- .pi

HOME tree:
<empty>
