surface: mcp
agent: kilocode
scenario: existing_unrelated_config_install

install_result:
Ok(
    InstallReport {
        created: [],
        patched: [
            "[ROOT]/kilo.jsonc",
        ],
        backed_up: [
            "[ROOT]/kilo.jsonc.bak",
        ],
        already_installed: false,
    },
)
status:
Ok(
    StatusReport {
        target: Mcp {
            name: "golden-server",
        },
        status: InstalledOwned {
            owner: "golden-owner",
        },
        config_path: Some(
            "[ROOT]/kilo.jsonc",
        ),
        ledger_path: Some(
            "[ROOT]/.agent-config-mcp.json",
        ),
        files: [
            Exists {
                path: "[ROOT]/kilo.jsonc",
            },
            Exists {
                path: "[ROOT]/.agent-config-mcp.json",
            },
        ],
        warnings: [],
    },
)
validation:
Ok(
    ValidationReport {
        target: Mcp {
            integration_id: "kilocode",
            scope: Local(
                "[ROOT]",
            ),
            name: "golden-server",
            owner: "golden-owner",
        },
        ok: false,
        issues: [
            BackupCollision {
                path: "[ROOT]/kilo.jsonc.bak",
            },
        ],
        suggested_actions: [
            RestoreBackup,
        ],
    },
)

ROOT tree:
files:
- .agent-config-mcp.json
  content:
```text
{
  "entries": {
    "golden-server": {
      "content_hash": "921463055bc0ed7eaebb9f034de51578a8690154be4ca964d8b9a5746b4106ab",
      "owner": "golden-owner"
    }
  },
  "version": 2
}
```
- kilo.jsonc
  content:
```text
{
  "mcp": {
    "sibling-server": {
      "type": "local",
      "command": [
        "npx",
        "-y",
        "@example/server"
      ]
    },
    "golden-server": {
      "type": "local",
      "command": [
        "npx",
        "-y",
        "@example/server"
      ]
    }
  }
}
```
- kilo.jsonc.bak
  content:
```text
{
  "mcp": {
    "sibling-server": {
      "type": "local",
      "command": [
        "npx",
        "-y",
        "@example/server"
      ]
    }
  }
}
```

HOME tree:
<empty>
