surface: mcp
agent: kilocode
scenario: http_transport

install_result:
Ok(
    InstallReport {
        created: [
            "[ROOT]/kilo.jsonc",
        ],
        patched: [],
        backed_up: [],
        already_installed: false,
    },
)
status:
Ok(
    StatusReport {
        target: Mcp {
            name: "golden-server",
        },
        status: InstalledOwned {
            owner: "golden-owner",
        },
        config_path: Some(
            "[ROOT]/kilo.jsonc",
        ),
        ledger_path: Some(
            "[ROOT]/.agent-config-mcp.json",
        ),
        files: [
            Exists {
                path: "[ROOT]/kilo.jsonc",
            },
            Exists {
                path: "[ROOT]/.agent-config-mcp.json",
            },
        ],
        warnings: [],
    },
)
validation:
Ok(
    ValidationReport {
        target: Mcp {
            integration_id: "kilocode",
            scope: Local(
                "[ROOT]",
            ),
            name: "golden-server",
            owner: "golden-owner",
        },
        ok: true,
        issues: [],
        suggested_actions: [
            NoAction,
        ],
    },
)

ROOT tree:
files:
- .agent-config-mcp.json
  content:
```text
{
  "entries": {
    "golden-server": {
      "content_hash": "1fc67572aa30e8193603afe8188e9df04c269f4b6014e427ed6def662cc6bf9f",
      "owner": "golden-owner"
    }
  },
  "version": 2
}
```
- kilo.jsonc
  content:
```text
{
  "mcp": {
    "golden-server": {
      "type": "remote",
      "url": "https://example.test/mcp",
      "headers": {
        "Authorization": "Bearer golden-token"
      }
    }
  }
}
```

HOME tree:
<empty>
