surface: hooks
agent: codex
scenario: different_consumer_preserved

install_result:
Ok(
    InstallReport {
        created: [],
        patched: [
            "[ROOT]/.codex/hooks.json",
            "[ROOT]/AGENTS.md",
        ],
        backed_up: [
            "[ROOT]/.codex/hooks.json.bak",
            "[ROOT]/AGENTS.md.bak",
        ],
        already_installed: false,
    },
)
status:
Ok(
    StatusReport {
        target: Hook {
            tag: "golden-hook",
        },
        status: InstalledOwned {
            owner: "golden-hook",
        },
        config_path: Some(
            "[ROOT]/.codex/hooks.json",
        ),
        ledger_path: None,
        files: [
            Exists {
                path: "[ROOT]/.codex/hooks.json",
            },
        ],
        warnings: [],
    },
)
validation:
Ok(
    ValidationReport {
        target: Hook {
            integration_id: "codex",
            scope: Local(
                "[ROOT]",
            ),
            tag: "golden-hook",
        },
        ok: false,
        issues: [
            BackupCollision {
                path: "[ROOT]/.codex/hooks.json.bak",
            },
        ],
        suggested_actions: [
            RestoreBackup,
        ],
    },
)

ROOT tree:
directories:
- .codex
files:
- .codex/hooks.json
  content:
```text
{
  "hooks": {
    "PreToolUse": [
      {
        "matcher": "shell",
        "hooks": [
          {
            "type": "command",
            "command": "golden hook"
          }
        ],
        "_agent_config_tag": "sibling-hook"
      },
      {
        "matcher": "shell",
        "hooks": [
          {
            "type": "command",
            "command": "golden hook"
          }
        ],
        "_agent_config_tag": "golden-hook"
      }
    ]
  }
}
```
- .codex/hooks.json.bak
  content:
```text
{
  "hooks": {
    "PreToolUse": [
      {
        "matcher": "shell",
        "hooks": [
          {
            "type": "command",
            "command": "golden hook"
          }
        ],
        "_agent_config_tag": "sibling-hook"
      }
    ]
  }
}
```
- AGENTS.md
  content:
```text
<!-- BEGIN AGENT-CONFIG:sibling-hook -->
Use sibling hook rules.
<!-- END AGENT-CONFIG:sibling-hook -->

<!-- BEGIN AGENT-CONFIG:golden-hook -->
Use golden hook rules.
<!-- END AGENT-CONFIG:golden-hook -->
```
- AGENTS.md.bak
  content:
```text
<!-- BEGIN AGENT-CONFIG:sibling-hook -->
Use sibling hook rules.
<!-- END AGENT-CONFIG:sibling-hook -->
```

HOME tree:
<empty>
