surface: hooks
agent: codex
scenario: existing_prose_install_fenced_block

install_result:
Ok(
    InstallReport {
        created: [
            "[ROOT]/.codex/hooks.json",
        ],
        patched: [
            "[ROOT]/AGENTS.md",
        ],
        backed_up: [
            "[ROOT]/AGENTS.md.bak",
        ],
        already_installed: false,
    },
)
status:
Ok(
    StatusReport {
        target: Hook {
            tag: "golden-hook",
        },
        status: InstalledOwned {
            owner: "golden-hook",
        },
        config_path: Some(
            "[ROOT]/.codex/hooks.json",
        ),
        ledger_path: None,
        files: [
            Exists {
                path: "[ROOT]/.codex/hooks.json",
            },
        ],
        warnings: [],
    },
)
validation:
Ok(
    ValidationReport {
        target: Hook {
            integration_id: "codex",
            scope: Local(
                "[ROOT]",
            ),
            tag: "golden-hook",
        },
        ok: true,
        issues: [],
        suggested_actions: [
            NoAction,
        ],
    },
)

ROOT tree:
directories:
- .codex
files:
- .codex/hooks.json
  content:
```text
{
  "hooks": {
    "PreToolUse": [
      {
        "matcher": "shell",
        "hooks": [
          {
            "type": "command",
            "command": "golden hook"
          }
        ],
        "_ai_hooker_tag": "golden-hook"
      }
    ]
  }
}
```
- AGENTS.md
  content:
```text
Existing project guidance.

<!-- BEGIN AI-HOOKER:golden-hook -->
Use golden hook rules.
<!-- END AI-HOOKER:golden-hook -->
```
- AGENTS.md.bak
  content:
```text
Existing project guidance.
```

HOME tree:
<empty>
