surface: mcp
agent: amp
scenario: invalid_config_no_rewrite

install_result:
Err(
    JsonInvalid {
        path: "[ROOT]/.amp/settings.json",
        source: Error("key must be a string", line: 1, column: 3),
    },
)
status:
Ok(
    StatusReport {
        target: Mcp {
            name: "golden-server",
        },
        status: Drifted {
            issues: [
                InvalidConfig {
                    path: "[ROOT]/.amp/settings.json",
                    reason: "key must be a string at line 1 column 3",
                },
            ],
        },
        config_path: Some(
            "[ROOT]/.amp/settings.json",
        ),
        ledger_path: Some(
            "[ROOT]/.amp/.ai-hooker-mcp.json",
        ),
        files: [
            Invalid {
                path: "[ROOT]/.amp/settings.json",
                reason: "key must be a string at line 1 column 3",
            },
            Missing {
                path: "[ROOT]/.amp/.ai-hooker-mcp.json",
            },
        ],
        warnings: [],
    },
)
validation:
Ok(
    ValidationReport {
        target: Mcp {
            integration_id: "amp",
            scope: Local(
                "[ROOT]",
            ),
            name: "golden-server",
            owner: "golden-owner",
        },
        ok: false,
        issues: [
            MalformedConfig {
                path: "[ROOT]/.amp/settings.json",
                reason: "key must be a string at line 1 column 3",
            },
        ],
        suggested_actions: [
            ManualReview,
        ],
    },
)
invalid_preserved: true

ROOT tree:
directories:
- .amp
files:
- .amp/settings.json
  content:
```text
{ invalid json
```

HOME tree:
<empty>
